Archive member included to satisfy reference by file (symbol)

c:/cubeide/stm32cubeide_1.4.0/stm32cubeide/plugins/com.st.stm32cube.ide.mcu.externaltools.gnu-tools-for-stm32.7-2018-q2-update.win32_1.4.0.202007081208/tools/bin/../lib/gcc/arm-none-eabi/7.3.1/../../../../arm-none-eabi/lib/thumb/v7-m\libc_nano.a(lib_a-errno.o)
                              Src/syscalls.o (__errno)
c:/cubeide/stm32cubeide_1.4.0/stm32cubeide/plugins/com.st.stm32cube.ide.mcu.externaltools.gnu-tools-for-stm32.7-2018-q2-update.win32_1.4.0.202007081208/tools/bin/../lib/gcc/arm-none-eabi/7.3.1/../../../../arm-none-eabi/lib/thumb/v7-m\libc_nano.a(lib_a-exit.o)
                              c:/cubeide/stm32cubeide_1.4.0/stm32cubeide/plugins/com.st.stm32cube.ide.mcu.externaltools.gnu-tools-for-stm32.7-2018-q2-update.win32_1.4.0.202007081208/tools/bin/../lib/gcc/arm-none-eabi/7.3.1/../../../../arm-none-eabi/lib/thumb/v7-m/crt0.o (exit)
c:/cubeide/stm32cubeide_1.4.0/stm32cubeide/plugins/com.st.stm32cube.ide.mcu.externaltools.gnu-tools-for-stm32.7-2018-q2-update.win32_1.4.0.202007081208/tools/bin/../lib/gcc/arm-none-eabi/7.3.1/../../../../arm-none-eabi/lib/thumb/v7-m\libc_nano.a(lib_a-impure.o)
                              c:/cubeide/stm32cubeide_1.4.0/stm32cubeide/plugins/com.st.stm32cube.ide.mcu.externaltools.gnu-tools-for-stm32.7-2018-q2-update.win32_1.4.0.202007081208/tools/bin/../lib/gcc/arm-none-eabi/7.3.1/../../../../arm-none-eabi/lib/thumb/v7-m\libc_nano.a(lib_a-exit.o) (_global_impure_ptr)
c:/cubeide/stm32cubeide_1.4.0/stm32cubeide/plugins/com.st.stm32cube.ide.mcu.externaltools.gnu-tools-for-stm32.7-2018-q2-update.win32_1.4.0.202007081208/tools/bin/../lib/gcc/arm-none-eabi/7.3.1/../../../../arm-none-eabi/lib/thumb/v7-m\libc_nano.a(lib_a-init.o)
                              c:/cubeide/stm32cubeide_1.4.0/stm32cubeide/plugins/com.st.stm32cube.ide.mcu.externaltools.gnu-tools-for-stm32.7-2018-q2-update.win32_1.4.0.202007081208/tools/bin/../lib/gcc/arm-none-eabi/7.3.1/../../../../arm-none-eabi/lib/thumb/v7-m/crt0.o (__libc_init_array)
c:/cubeide/stm32cubeide_1.4.0/stm32cubeide/plugins/com.st.stm32cube.ide.mcu.externaltools.gnu-tools-for-stm32.7-2018-q2-update.win32_1.4.0.202007081208/tools/bin/../lib/gcc/arm-none-eabi/7.3.1/../../../../arm-none-eabi/lib/thumb/v7-m\libc_nano.a(lib_a-memset.o)
                              c:/cubeide/stm32cubeide_1.4.0/stm32cubeide/plugins/com.st.stm32cube.ide.mcu.externaltools.gnu-tools-for-stm32.7-2018-q2-update.win32_1.4.0.202007081208/tools/bin/../lib/gcc/arm-none-eabi/7.3.1/../../../../arm-none-eabi/lib/thumb/v7-m/crt0.o (memset)
c:/cubeide/stm32cubeide_1.4.0/stm32cubeide/plugins/com.st.stm32cube.ide.mcu.externaltools.gnu-tools-for-stm32.7-2018-q2-update.win32_1.4.0.202007081208/tools/bin/../lib/gcc/arm-none-eabi/7.3.1/../../../../arm-none-eabi/lib/thumb/v7-m\libc_nano.a(lib_a-sprintf.o)
                              Drivers/ECU/LCD/lcd.o (sprintf)
c:/cubeide/stm32cubeide_1.4.0/stm32cubeide/plugins/com.st.stm32cube.ide.mcu.externaltools.gnu-tools-for-stm32.7-2018-q2-update.win32_1.4.0.202007081208/tools/bin/../lib/gcc/arm-none-eabi/7.3.1/../../../../arm-none-eabi/lib/thumb/v7-m\libc_nano.a(lib_a-strcmp.o)
                              RTOS/Scheduler.o (strcmp)
c:/cubeide/stm32cubeide_1.4.0/stm32cubeide/plugins/com.st.stm32cube.ide.mcu.externaltools.gnu-tools-for-stm32.7-2018-q2-update.win32_1.4.0.202007081208/tools/bin/../lib/gcc/arm-none-eabi/7.3.1/../../../../arm-none-eabi/lib/thumb/v7-m\libc_nano.a(lib_a-strlen.o)
                              Drivers/MCAL/USART/USART.o (strlen)
c:/cubeide/stm32cubeide_1.4.0/stm32cubeide/plugins/com.st.stm32cube.ide.mcu.externaltools.gnu-tools-for-stm32.7-2018-q2-update.win32_1.4.0.202007081208/tools/bin/../lib/gcc/arm-none-eabi/7.3.1/../../../../arm-none-eabi/lib/thumb/v7-m\libc_nano.a(lib_a-nano-svfprintf.o)
                              c:/cubeide/stm32cubeide_1.4.0/stm32cubeide/plugins/com.st.stm32cube.ide.mcu.externaltools.gnu-tools-for-stm32.7-2018-q2-update.win32_1.4.0.202007081208/tools/bin/../lib/gcc/arm-none-eabi/7.3.1/../../../../arm-none-eabi/lib/thumb/v7-m\libc_nano.a(lib_a-sprintf.o) (_svfprintf_r)
c:/cubeide/stm32cubeide_1.4.0/stm32cubeide/plugins/com.st.stm32cube.ide.mcu.externaltools.gnu-tools-for-stm32.7-2018-q2-update.win32_1.4.0.202007081208/tools/bin/../lib/gcc/arm-none-eabi/7.3.1/../../../../arm-none-eabi/lib/thumb/v7-m\libc_nano.a(lib_a-nano-vfprintf_i.o)
                              c:/cubeide/stm32cubeide_1.4.0/stm32cubeide/plugins/com.st.stm32cube.ide.mcu.externaltools.gnu-tools-for-stm32.7-2018-q2-update.win32_1.4.0.202007081208/tools/bin/../lib/gcc/arm-none-eabi/7.3.1/../../../../arm-none-eabi/lib/thumb/v7-m\libc_nano.a(lib_a-nano-svfprintf.o) (_printf_i)
c:/cubeide/stm32cubeide_1.4.0/stm32cubeide/plugins/com.st.stm32cube.ide.mcu.externaltools.gnu-tools-for-stm32.7-2018-q2-update.win32_1.4.0.202007081208/tools/bin/../lib/gcc/arm-none-eabi/7.3.1/../../../../arm-none-eabi/lib/thumb/v7-m\libc_nano.a(lib_a-memchr-stub.o)
[...]
Memory Configuration

Name             Origin             Length             Attributes
RAM              0x0000000020000000 0x0000000000005000 xrw
ROM              0x0000000008000000 0x0000000000010000 xr
*default*        0x0000000000000000 0xffffffffffffffff

Linker script and memory map

LOAD c:/cubeide/stm32cubeide_1.4.0/stm32cubeide/plugins/com.st.stm32cube.ide.mcu.externaltools.gnu-tools-for-stm32.7-2018-q2-update.win32_1.4.0.202007081208/tools/bin/../lib/gcc/arm-none-eabi/7.3.1/thumb/v7-m/crti.o
LOAD c:/cubeide/stm32cubeide_1.4.0/stm32cubeide/plugins/com.st.stm32cube.ide.mcu.externaltools.gnu-tools-for-stm32.7-2018-q2-update.win32_1.4.0.202007081208/tools/bin/../lib/gcc/arm-none-eabi/7.3.1/thumb/v7-m/crtbegin.o
LOAD c:/cubeide/stm32cubeide_1.4.0/stm32cubeide/plugins/com.st.stm32cube.ide.mcu.externaltools.gnu-tools-for-stm32.7-2018-q2-update.win32_1.4.0.202007081208/tools/bin/../lib/gcc/arm-none-eabi/7.3.1/../../../../arm-none-eabi/lib/thumb/v7-m/crt0.o
LOAD Drivers/ECU/EEPROM/EEPROM.o
LOAD Drivers/ECU/KEYPAD/keypad.o
LOAD Drivers/ECU/LCD/lcd.o
LOAD Drivers/MCAL/ADC/ADC.o
LOAD Drivers/MCAL/EXTI/EXTI.o
LOAD Drivers/MCAL/GPIO/GPIO.o
LOAD Drivers/MCAL/I2C/I2C.o
LOAD Drivers/MCAL/RCC/RCC.o
LOAD Drivers/MCAL/SPI/SPI.o
LOAD Drivers/MCAL/TIMERS/TIMERS.o
LOAD Drivers/MCAL/USART/USART.o
LOAD RTOS/CortexMX_OS_Porting.o
LOAD RTOS/MYRTOS_FIFO.o
LOAD RTOS/Scheduler.o
LOAD Src/main.o
LOAD Src/syscalls.o
LOAD Src/sysmem.o
LOAD Startup/startup_stm32f103c8tx.o
START GROUP
LOAD c:/cubeide/stm32cubeide_1.4.0/stm32cubeide/plugins/com.st.stm32cube.ide.mcu.externaltools.gnu-tools-for-stm32.7-2018-q2-update.win32_1.4.0.202007081208/tools/bin/../lib/gcc/arm-none-eabi/7.3.1/../../../../arm-none-eabi/lib/thumb/v7-m\libc_nano.a
LOAD c:/cubeide/stm32cubeide_1.4.0/stm32cubeide/plugins/com.st.stm32cube.ide.mcu.externaltools.gnu-tools-for-stm32.7-2018-q2-update.win32_1.4.0.202007081208/tools/bin/../lib/gcc/arm-none-eabi/7.3.1/../../../../arm-none-eabi/lib/thumb/v7-m\libm.a
END GROUP
START GROUP
LOAD c:/cubeide/stm32cubeide_1.4.0/stm32cubeide/plugins/com.st.stm32cube.ide.mcu.externaltools.gnu-tools-for-stm32.7-2018-q2-update.win32_1.4.0.202007081208/tools/bin/../lib/gcc/arm-none-eabi/7.3.1/thumb/v7-m\libgcc.a
LOAD c:/cubeide/stm32cubeide_1.4.0/stm32cubeide/plugins/com.st.stm32cube.ide.mcu.externaltools.gnu-tools-for-stm32.7-2018-q2-update.win32_1.4.0.202007081208/tools/bin/../lib/gcc/arm-none-eabi/7.3.1/../../../../arm-none-eabi/lib/thumb/v7-m\libg_nano.a
LOAD c:/cubeide/stm32cubeide_1.4.0/stm32cubeide/plugins/com.st.stm32cube.ide.mcu.externaltools.gnu-tools-for-stm32.7-2018-q2-update.win32_1.4.0.202007081208/tools/bin/../lib/gcc/arm-none-eabi/7.3.1/../../../../arm-none-eabi/lib/thumb/v7-m\libc_nano.a
END GROUP
START GROUP
LOAD c:/cubeide/stm32cubeide_1.4.0/stm32cubeide/plugins/com.st.stm32cube.ide.mcu.externaltools.gnu-tools-for-stm32.7-2018-q2-update.win32_1.4.0.202007081208/tools/bin/../lib/gcc/arm-none-eabi/7.3.1/thumb/v7-m\libgcc.a
LOAD c:/cubeide/stm32cubeide_1.4.0/stm32cubeide/plugins/com.st.stm32cube.ide.mcu.externaltools.gnu-tools-for-stm32.7-2018-q2-update.win32_1.4.0.202007081208/tools/bin/../lib/gcc/arm-none-eabi/7.3.1/../../../../arm-none-eabi/lib/thumb/v7-m\libc_nano.a
LOAD c:/cubeide/stm32cubeide_1.4.0/stm32cubeide/plugins/com.st.stm32cube.ide.mcu.externaltools.gnu-tools-for-stm32.7-2018-q2-update.win32_1.4.0.202007081208/tools/bin/../lib/gcc/arm-none-eabi/7.3.1/../../../../arm-none-eabi/lib/thumb/v7-m\libnosys.a
END GROUP
START GROUP
LOAD c:/cubeide/stm32cubeide_1.4.0/stm32cubeide/plugins/com.st.stm32cube.ide.mcu.externaltools.gnu-tools-for-stm32.7-2018-q2-update.win32_1.4.0.202007081208/tools/bin/../lib/gcc/arm-none-eabi/7.3.1/thumb/v7-m\libgcc.a
LOAD c:/cubeide/stm32cubeide_1.4.0/stm32cubeide/plugins/com.st.stm32cube.ide.mcu.externaltools.gnu-tools-for-stm32.7-2018-q2-update.win32_1.4.0.202007081208/tools/bin/../lib/gcc/arm-none-eabi/7.3.1/../../../../arm-none-eabi/lib/thumb/v7-m\libc_nano.a
LOAD c:/cubeide/stm32cubeide_1.4.0/stm32cubeide/plugins/com.st.stm32cube.ide.mcu.externaltools.gnu-tools-for-stm32.7-2018-q2-update.win32_1.4.0.202007081208/tools/bin/../lib/gcc/arm-none-eabi/7.3.1/../../../../arm-none-eabi/lib/thumb/v7-m\libnosys.a
END GROUP
LOAD c:/cubeide/stm32cubeide_1.4.0/stm32cubeide/plugins/com.st.stm32cube.ide.mcu.externaltools.gnu-tools-for-stm32.7-2018-q2-update.win32_1.4.0.202007081208/tools/bin/../lib/gcc/arm-none-eabi/7.3.1/thumb/v7-m/crtend.o
LOAD c:/cubeide/stm32cubeide_1.4.0/stm32cubeide/plugins/com.st.stm32cube.ide.mcu.externaltools.gnu-tools-for-stm32.7-2018-q2-update.win32_1.4.0.202007081208/tools/bin/../lib/gcc/arm-none-eabi/7.3.1/thumb/v7-m/crtn.o
                0x0000000020005000                _estack = (ORIGIN (RAM) + LENGTH (RAM))
                0x0000000000000200                _Min_Heap_Size = 0x200
                0x0000000000000400                _Min_Stack_Size = 0x400

.isr_vector     0x0000000008000000      0x130
                0x0000000008000000                . = ALIGN (0x4)
 *(.isr_vector)
 .isr_vector    0x0000000008000000      0x130 Startup/startup_stm32f103c8tx.o
                0x0000000008000000                g_pfnVectors
                0x0000000008000130                . = ALIGN (0x4)

.text           0x0000000008000130     0x1234
                0x0000000008000130                . = ALIGN (0x4)
 *(.text)
 .text          0x0000000008000130       0x40 c:/cubeide/stm32cubeide_1.4.0/stm32cubeide/plugins/com.st.stm32cube.ide.mcu.externaltools.gnu-tools-for-stm32.7-2018-q2-update.win32_1.4.0.202007081208/tools/bin/../lib/gcc/arm-none-eabi/7.3.1/thumb/v7-m/crtbegin.o
 .text          0x0000000008000170       0x14 c:/cubeide/stm32cubeide_1.4.0/stm32cubeide/plugins/com.st.stm32cube.ide.mcu.externaltools.gnu-tools-for-stm32.7-2018-q2-update.win32_1.4.0.202007081208/tools/bin/../lib/gcc/arm-none-eabi/7.3.1/../../../../arm-none-eabi/lib/thumb/v7-m\libc_nano.a(lib_a-strcmp.o)
                0x0000000008000170                strcmp
 *(.text*)
 .text.EXTI0_IRQHandler
                0x0000000008000184       0x24 Drivers/MCAL/EXTI/EXTI.o
                0x0000000008000184                EXTI0_IRQHandler
 .text.EXTI1_IRQHandler
                0x00000000080001a8       0x24 Drivers/MCAL/EXTI/EXTI.o
                0x00000000080001a8                EXTI1_IRQHandler
 .text.EXTI2_IRQHandler
                0x00000000080001cc       0x24 Drivers/MCAL/EXTI/EXTI.o
                0x00000000080001cc                EXTI2_IRQHandler
 .text.EXTI3_IRQHandler
                0x00000000080001f0       0x24 Drivers/MCAL/EXTI/EXTI.o
                0x00000000080001f0                EXTI3_IRQHandler
 .text.EXTI4_IRQHandler
                0x0000000008000214       0x24 Drivers/MCAL/EXTI/EXTI.o
                0x0000000008000214                EXTI4_IRQHandler
 .text.EXTI9_5_IRQHandler
                0x0000000008000238       0xa8 Drivers/MCAL/EXTI/EXTI.o
                0x0000000008000238                EXTI9_5_IRQHandler
 .text.EXTI15_10_IRQHandler
                0x00000000080002e0       0xc4 Drivers/MCAL/EXTI/EXTI.o
                0x00000000080002e0                EXTI15_10_IRQHandler
 .text.I2C1_ER_IRQHandler
                0x00000000080003a4        0xc Drivers/MCAL/I2C/I2C.o
                0x00000000080003a4                I2C1_ER_IRQHandler
 .text.I2C1_EV_IRQHandler
                0x00000000080003b0       0xec Drivers/MCAL/I2C/I2C.o
                0x00000000080003b0                I2C1_EV_IRQHandler
 .text.Slave_States
                0x000000000800049c       0xe0 Drivers/MCAL/I2C/I2C.o
                0x000000000800049c                Slave_States
 .text.I2C2_ER_IRQHandler
                0x000000000800057c        0xc Drivers/MCAL/I2C/I2C.o
                0x000000000800057c                I2C2_ER_IRQHandler
 .text.I2C2_EV_IRQHandler
                0x0000000008000588        0xc Drivers/MCAL/I2C/I2C.o
                0x0000000008000588                I2C2_EV_IRQHandler
 .text.SPI1_IRQHandler
                0x0000000008000594       0x14 Drivers/MCAL/SPI/SPI.o
                0x0000000008000594                SPI1_IRQHandler
 .text.SPI2_IRQHandler
                0x00000000080005a8       0x14 Drivers/MCAL/SPI/SPI.o
                0x00000000080005a8                SPI2_IRQHandler
 .text.USART1_IRQHandler
                0x00000000080005bc       0x14 Drivers/MCAL/USART/USART.o
                0x00000000080005bc                USART1_IRQHandler
 .text.USART2_IRQHandler
                0x00000000080005d0       0x14 Drivers/MCAL/USART/USART.o
                0x00000000080005d0                USART2_IRQHandler
 .text.USART3_IRQHandler
                0x00000000080005e4       0x14 Drivers/MCAL/USART/USART.o
                0x00000000080005e4                USART3_IRQHandler
 .text.__NVIC_SetPriority
                0x00000000080005f8       0x54 RTOS/CortexMX_OS_Porting.o
 .text.SysTick_Config
                0x000000000800064c       0x44 RTOS/CortexMX_OS_Porting.o
 .text.HardFault_Handler
                0x0000000008000690        0xc RTOS/CortexMX_OS_Porting.o
                0x0000000008000690                HardFault_Handler
 .text.MemManage_Handler
                0x000000000800069c        0xc RTOS/CortexMX_OS_Porting.o
                0x000000000800069c                MemManage_Handler
 .text.BusFault_Handler
                0x00000000080006a8        0xc RTOS/CortexMX_OS_Porting.o
                0x00000000080006a8                BusFault_Handler
 .text.UsageFault_Handler
                0x00000000080006b4        0xc RTOS/CortexMX_OS_Porting.o
                0x00000000080006b4                UsageFault_Handler
 .text.SVC_Handler
                0x00000000080006c0       0x14 RTOS/CortexMX_OS_Porting.o
                0x00000000080006c0                SVC_Handler
 .text.HW_init  0x00000000080006d4       0x1c RTOS/CortexMX_OS_Porting.o
                0x00000000080006d4                HW_init
 .text.trigger_OS_PendSV
                0x00000000080006f0       0x1c RTOS/CortexMX_OS_Porting.o
                0x00000000080006f0                trigger_OS_PendSV
 .text.Start_Ticker
                0x000000000800070c       0x10 RTOS/CortexMX_OS_Porting.o
                0x000000000800070c                Start_Ticker
 .text.SysTick_Handler
                0x000000000800071c       0x20 RTOS/CortexMX_OS_Porting.o
                0x000000000800071c                SysTick_Handler
 .text.FIFO_init
                0x000000000800073c       0x44 RTOS/MYRTOS_FIFO.o
                0x000000000800073c                FIFO_init
 .text.FIFO_enqueue
                0x0000000008000780       0x84 RTOS/MYRTOS_FIFO.o
                0x0000000008000780                FIFO_enqueue
 .text.FIFO_dequeue
                0x0000000008000804       0x7a RTOS/MYRTOS_FIFO.o
                0x0000000008000804                FIFO_dequeue
 *fill*         0x000000000800087e        0x2 
 .text.PendSV_Handler
                0x0000000008000880      0x1c4 RTOS/Scheduler.o
                0x0000000008000880                PendSV_Handler
 .text.MYRTOS_IdleTask
                0x0000000008000a44       0x1c RTOS/Scheduler.o
                0x0000000008000a44                MYRTOS_IdleTask
 .text.RTOS_Create_MainStack
                0x0000000008000a60       0x3c RTOS/Scheduler.o
                0x0000000008000a60                RTOS_Create_MainStack
 .text.MYRTOS_Init
                0x0000000008000a9c       0x80 RTOS/Scheduler.o
                0x0000000008000a9c                MYRTOS_Init
 .text.MyRTOS_Create_TaskStack
                0x0000000008000b1c       0x7e RTOS/Scheduler.o
                0x0000000008000b1c                MyRTOS_Create_TaskStack
 *fill*         0x0000000008000b9a        0x2 
 .text.MYRTOS_CreateTask
                0x0000000008000b9c       0x7c RTOS/Scheduler.o
                0x0000000008000b9c                MYRTOS_CreateTask
 .text.bubbleSort
                0x0000000008000c18       0x90 RTOS/Scheduler.o
                0x0000000008000c18                bubbleSort
 .text.MyRTOS_Update_Schadule_tables
                0x0000000008000ca8       0xd0 RTOS/Scheduler.o
                0x0000000008000ca8                MyRTOS_Update_Schadule_tables
 .text.Decide_whatNext
                0x0000000008000d78       0xa4 RTOS/Scheduler.o
                0x0000000008000d78                Decide_whatNext
 .text.OS_SVC   0x0000000008000e1c       0x6c RTOS/Scheduler.o
                0x0000000008000e1c                OS_SVC
 .text.MYRTOS_OS_SVC_Set
                0x0000000008000e88       0x4c RTOS/Scheduler.o
                0x0000000008000e88                MYRTOS_OS_SVC_Set
 .text.MYRTOS_ActivateTask
                0x0000000008000ed4       0x1e RTOS/Scheduler.o
                0x0000000008000ed4                MYRTOS_ActivateTask
 .text.MYRTOS_TerminateTask
                0x0000000008000ef2       0x1e RTOS/Scheduler.o
                0x0000000008000ef2                MYRTOS_TerminateTask
 .text.MYRTOS_StartOS
                0x0000000008000f10       0x5c RTOS/Scheduler.o
                0x0000000008000f10                MYRTOS_StartOS
 .text.MYRTOS_AcquireMutex
                0x0000000008000f6c       0x46 RTOS/Scheduler.o
                0x0000000008000f6c                MYRTOS_AcquireMutex
 .text.MYRTOS_ReleaseMutex
                0x0000000008000fb2       0x36 RTOS/Scheduler.o
                0x0000000008000fb2                MYRTOS_ReleaseMutex
 .text.task1    0x0000000008000fe8       0x5c Src/main.o
                0x0000000008000fe8                task1
 .text.task2    0x0000000008001044       0x50 Src/main.o
                0x0000000008001044                task2
 .text.task3    0x0000000008001094       0x50 Src/main.o
                0x0000000008001094                task3
 .text.task4    0x00000000080010e4       0x58 Src/main.o
                0x00000000080010e4                task4
 .text.main     0x000000000800113c      0x174 Src/main.o
                0x000000000800113c                main
 .text.Reset_Handler
                0x00000000080012b0       0x50 Startup/startup_stm32f103c8tx.o
                0x00000000080012b0                Reset_Handler
 .text.Default_Handler
                0x0000000008001300        0x2 Startup/startup_stm32f103c8tx.o
                0x0000000008001300                TIM8_TRG_COM_IRQHandler
                0x0000000008001300                TIM8_CC_IRQHandler
                0x0000000008001300                DebugMon_Handler
                0x0000000008001300                TIM1_CC_IRQHandler
                0x0000000008001300                TIM6_IRQHandler
                0x0000000008001300                PVD_IRQHandler
                0x0000000008001300                SDIO_IRQHandler
                0x0000000008001300                NMI_Handler
                0x0000000008001300                USB_HP_CAN_TX_IRQHandler
                0x0000000008001300                ADC1_2_IRQHandler
                0x0000000008001300                CAN_SCE_IRQHandler
                0x0000000008001300                TAMPER_IRQHandler
                0x0000000008001300                TIM8_UP_IRQHandler
                0x0000000008001300                DMA2_Channel2_IRQHandler
                0x0000000008001300                DMA1_Channel4_IRQHandler
                0x0000000008001300                RTC_IRQHandler
                0x0000000008001300                DMA1_Channel7_IRQHandler
                0x0000000008001300                UART5_IRQHandler
                0x0000000008001300                ADC3_IRQHandler
                0x0000000008001300                TIM4_IRQHandler
                0x0000000008001300                CAN_RX1_IRQHandler
                0x0000000008001300                DMA2_Channel1_IRQHandler
                0x0000000008001300                DMA1_Channel6_IRQHandler
                0x0000000008001300                UART4_IRQHandler
                0x0000000008001300                TIM3_IRQHandler
                0x0000000008001300                RCC_IRQHandler
                0x0000000008001300                TIM1_TRG_COM_IRQHandler
                0x0000000008001300                DMA1_Channel1_IRQHandler
                0x0000000008001300                Default_Handler
                0x0000000008001300                TIM7_IRQHandler
                0x0000000008001300                TIM5_IRQHandler
                0x0000000008001300                USB_LP_CAN_RX0_IRQHandler
                0x0000000008001300                DMA1_Channel5_IRQHandler
                0x0000000008001300                DMA1_Channel3_IRQHandler
                0x0000000008001300                FSMC_IRQHandler
                0x0000000008001300                TIM1_UP_IRQHandler
                0x0000000008001300                WWDG_IRQHandler
                0x0000000008001300                TIM2_IRQHandler
                0x0000000008001300                TIM1_BRK_IRQHandler
                0x0000000008001300                RTCAlarm_IRQHandler
                0x0000000008001300                DMA2_Channel4_5_IRQHandler
                0x0000000008001300                DMA1_Channel2_IRQHandler
                0x0000000008001300                TIM8_BRK_IRQHandler
                0x0000000008001300                FLASH_IRQHandler
                0x0000000008001300                SPI3_IRQHandler
                0x0000000008001300                DMA2_Channel3_IRQHandler
 *fill*         0x0000000008001302        0x2 
 .text.__libc_init_array
                0x0000000008001304       0x48 c:/cubeide/stm32cubeide_1.4.0/stm32cubeide/plugins/com.st.stm32cube.ide.mcu.externaltools.gnu-tools-for-stm32.7-2018-q2-update.win32_1.4.0.202007081208/tools/bin/../lib/gcc/arm-none-eabi/7.3.1/../../../../arm-none-eabi/lib/thumb/v7-m\libc_nano.a(lib_a-init.o)
                0x0000000008001304                __libc_init_array
 *(.glue_7)
 .glue_7        0x000000000800134c        0x0 linker stubs
 *(.glue_7t)
 .glue_7t       0x000000000800134c        0x0 linker stubs
 *(.eh_frame)
 .eh_frame      0x000000000800134c        0x0 c:/cubeide/stm32cubeide_1.4.0/stm32cubeide/plugins/com.st.stm32cube.ide.mcu.externaltools.gnu-tools-for-stm32.7-2018-q2-update.win32_1.4.0.202007081208/tools/bin/../lib/gcc/arm-none-eabi/7.3.1/thumb/v7-m/crtbegin.o
 *(.init)
 .init          0x000000000800134c        0x4 c:/cubeide/stm32cubeide_1.4.0/stm32cubeide/plugins/com.st.stm32cube.ide.mcu.externaltools.gnu-tools-for-stm32.7-2018-q2-update.win32_1.4.0.202007081208/tools/bin/../lib/gcc/arm-none-eabi/7.3.1/thumb/v7-m/crti.o
                0x000000000800134c                _init
 .init          0x0000000008001350        0x8 c:/cubeide/stm32cubeide_1.4.0/stm32cubeide/plugins/com.st.stm32cube.ide.mcu.externaltools.gnu-tools-for-stm32.7-2018-q2-update.win32_1.4.0.202007081208/tools/bin/../lib/gcc/arm-none-eabi/7.3.1/thumb/v7-m/crtn.o
 *(.fini)
 .fini          0x0000000008001358        0x4 c:/cubeide/stm32cubeide_1.4.0/stm32cubeide/plugins/com.st.stm32cube.ide.mcu.externaltools.gnu-tools-for-stm32.7-2018-q2-update.win32_1.4.0.202007081208/tools/bin/../lib/gcc/arm-none-eabi/7.3.1/thumb/v7-m/crti.o
                0x0000000008001358                _fini
 .fini          0x000000000800135c        0x8 c:/cubeide/stm32cubeide_1.4.0/stm32cubeide/plugins/com.st.stm32cube.ide.mcu.externaltools.gnu-tools-for-stm32.7-2018-q2-update.win32_1.4.0.202007081208/tools/bin/../lib/gcc/arm-none-eabi/7.3.1/thumb/v7-m/crtn.o
                0x0000000008001364                . = ALIGN (0x4)
                0x0000000008001364                _etext = .

.vfp11_veneer   0x0000000008001364        0x0
 .vfp11_veneer  0x0000000008001364        0x0 linker stubs

.v4_bx          0x0000000008001364        0x0
 .v4_bx         0x0000000008001364        0x0 linker stubs

.iplt           0x0000000008001364        0x0
 .iplt          0x0000000008001364        0x0 c:/cubeide/stm32cubeide_1.4.0/stm32cubeide/plugins/com.st.stm32cube.ide.mcu.externaltools.gnu-tools-for-stm32.7-2018-q2-update.win32_1.4.0.202007081208/tools/bin/../lib/gcc/arm-none-eabi/7.3.1/thumb/v7-m/crtbegin.o

.rodata         0x0000000008001364       0x34
                0x0000000008001364                . = ALIGN (0x4)
 *(.rodata)
 .rodata        0x0000000008001364        0x9 RTOS/Scheduler.o
 *fill*         0x000000000800136d        0x3 
 .rodata        0x0000000008001370       0x27 Src/main.o
 *(.rodata*)
                0x0000000008001398                . = ALIGN (0x4)
 *fill*         0x0000000008001397        0x1 

.rel.dyn        0x0000000008001398        0x0
 .rel.iplt      0x0000000008001398        0x0 c:/cubeide/stm32cubeide_1.4.0/stm32cubeide/plugins/com.st.stm32cube.ide.mcu.externaltools.gnu-tools-for-stm32.7-2018-q2-update.win32_1.4.0.202007081208/tools/bin/../lib/gcc/arm-none-eabi/7.3.1/thumb/v7-m/crtbegin.o

.ARM.extab      0x0000000008001398        0x0
                0x0000000008001398                . = ALIGN (0x4)
 *(.ARM.extab* .gnu.linkonce.armextab.*)
                0x0000000008001398                . = ALIGN (0x4)

.ARM            0x0000000008001398        0x0
                0x0000000008001398                . = ALIGN (0x4)
                0x0000000008001398                __exidx_start = .
 *(.ARM.exidx*)
                0x0000000008001398                __exidx_end = .
                0x0000000008001398                . = ALIGN (0x4)

.preinit_array  0x0000000008001398        0x0
                0x0000000008001398                . = ALIGN (0x4)
                0x0000000008001398                PROVIDE (__preinit_array_start = .)
 *(.preinit_array*)
                0x0000000008001398                PROVIDE (__preinit_array_end = .)
                0x0000000008001398                . = ALIGN (0x4)

.init_array     0x0000000008001398        0x4
                0x0000000008001398                . = ALIGN (0x4)
                0x0000000008001398                PROVIDE (__init_array_start = .)
 *(SORT_BY_NAME(.init_array.*))
 *(.init_array*)
 .init_array    0x0000000008001398        0x4 c:/cubeide/stm32cubeide_1.4.0/stm32cubeide/plugins/com.st.stm32cube.ide.mcu.externaltools.gnu-tools-for-stm32.7-2018-q2-update.win32_1.4.0.202007081208/tools/bin/../lib/gcc/arm-none-eabi/7.3.1/thumb/v7-m/crtbegin.o
                0x000000000800139c                PROVIDE (__init_array_end = .)
                0x000000000800139c                . = ALIGN (0x4)

.fini_array     0x000000000800139c        0x4
                0x000000000800139c                . = ALIGN (0x4)
                [!provide]                        PROVIDE (__fini_array_start = .)
 *(SORT_BY_NAME(.fini_array.*))
 *(.fini_array*)
 .fini_array    0x000000000800139c        0x4 c:/cubeide/stm32cubeide_1.4.0/stm32cubeide/plugins/com.st.stm32cube.ide.mcu.externaltools.gnu-tools-for-stm32.7-2018-q2-update.win32_1.4.0.202007081208/tools/bin/../lib/gcc/arm-none-eabi/7.3.1/thumb/v7-m/crtbegin.o
                [!provide]                        PROVIDE (__fini_array_end = .)
                0x00000000080013a0                . = ALIGN (0x4)
                0x00000000080013a0                _sidata = LOADADDR (.data)

.data           0x0000000020000000        0x4 load address 0x00000000080013a0
                0x0000000020000000                . = ALIGN (0x4)
                0x0000000020000000                _sdata = .
 *(.data)
 *(.data*)
 .data.payload  0x0000000020000000        0x3 Src/main.o
                0x0000000020000000                payload
                0x0000000020000004                . = ALIGN (0x4)
 *fill*         0x0000000020000003        0x1 
                0x0000000020000004                _edata = .

.igot.plt       0x0000000020000004        0x0 load address 0x00000000080013a4
 .igot.plt      0x0000000020000004        0x0 c:/cubeide/stm32cubeide_1.4.0/stm32cubeide/plugins/com.st.stm32cube.ide.mcu.externaltools.gnu-tools-for-stm32.7-2018-q2-update.win32_1.4.0.202007081208/tools/bin/../lib/gcc/arm-none-eabi/7.3.1/thumb/v7-m/crtbegin.o
                0x0000000020000004                . = ALIGN (0x4)

.bss            0x0000000020000004      0x5ac load address 0x00000000080013a4
                0x0000000020000004                _sbss = .
                0x0000000020000004                __bss_start__ = _sbss
 *(.bss)
 .bss           0x0000000020000004       0x1c c:/cubeide/stm32cubeide_1.4.0/stm32cubeide/plugins/com.st.stm32cube.ide.mcu.externaltools.gnu-tools-for-stm32.7-2018-q2-update.win32_1.4.0.202007081208/tools/bin/../lib/gcc/arm-none-eabi/7.3.1/thumb/v7-m/crtbegin.o
 *(.bss*)
 .bss.Global_I2C_Config
                0x0000000020000020       0x48 Drivers/MCAL/I2C/I2C.o
                0x0000000020000020                Global_I2C_Config
 .bss.SPI_INT_CALLBACK
                0x0000000020000068        0x8 Drivers/MCAL/SPI/SPI.o
 .bss.USART_INT_CALLBACK
                0x0000000020000070        0xc Drivers/MCAL/USART/USART.o
 .bss.sysled    0x000000002000007c        0x4 RTOS/CortexMX_OS_Porting.o
                0x000000002000007c                sysled
 .bss.IdleTaskLed
                0x0000000020000080        0x1 RTOS/Scheduler.o
                0x0000000020000080                IdleTaskLed
 *fill*         0x0000000020000081        0x3 
 .bss.Count.6202
                0x0000000020000084        0x4 Src/main.o
 .bss.Count.6206
                0x0000000020000088        0x4 Src/main.o
 .bss.Count.6210
                0x000000002000008c        0x4 Src/main.o
 .bss.Count.6214
                0x0000000020000090        0x4 Src/main.o
 *(COMMON)
 COMMON         0x0000000020000094       0x3c Drivers/MCAL/EXTI/EXTI.o
                0x0000000020000094                GP_IRQ_CallBack
 COMMON         0x00000000200000d0      0x394 RTOS/Scheduler.o
                0x00000000200000d0                OS_Control
                0x000000002000027c                Ready_QUEUE
                0x0000000020000290                MYRTOS_idleTask
                0x00000000200002d4                Ready_QUEUE_FIFO
 COMMON         0x0000000020000464      0x149 Src/main.o
                0x0000000020000464                Mutex1
                0x0000000020000494                Task4
                0x00000000200004d8                Task1
                0x000000002000051c                Task4LED
                0x000000002000051d                Task2LED
                0x0000000020000520                Task3
                0x0000000020000564                Task1LED
                0x0000000020000568                Task2
                0x00000000200005ac                Task3LED
                0x00000000200005b0                . = ALIGN (0x4)
 *fill*         0x00000000200005ad        0x3 
                0x00000000200005b0                _ebss = .
                0x00000000200005b0                __bss_end__ = _ebss

._user_heap_stack
                0x00000000200005b0      0x600 load address 0x00000000080013a4
                0x00000000200005b0                . = ALIGN (0x8)
                [!provide]                        PROVIDE (end = .)
                0x00000000200005b0                PROVIDE (_end = .)
                0x00000000200007b0                . = (. + _Min_Heap_Size)
 *fill*         0x00000000200005b0      0x200 
                0x0000000020000bb0                . = (. + _Min_Stack_Size)
 *fill*         0x00000000200007b0      0x400 
                0x0000000020000bb0                . = ALIGN (0x8)
                0x0000000020000bb0                _eheap = .

/DISCARD/
 libc.a(*)
 libm.a(*)
 libgcc.a(*)

.ARM.attributes
                0x0000000000000000       0x29
 *(.ARM.attributes)
 .ARM.attributes
                0x0000000000000000       0x1d c:/cubeide/stm32cubeide_1.4.0/stm32cubeide/plugins/com.st.stm32cube.ide.mcu.externaltools.gnu-tools-for-stm32.7-2018-q2-update.win32_1.4.0.202007081208/tools/bin/../lib/gcc/arm-none-eabi/7.3.1/thumb/v7-m/crti.o
 .ARM.attributes
                0x000000000000001d       0x2d c:/cubeide/stm32cubeide_1.4.0/stm32cubeide/plugins/com.st.stm32cube.ide.mcu.externaltools.gnu-tools-for-stm32.7-2018-q2-update.win32_1.4.0.202007081208/tools/bin/../lib/gcc/arm-none-eabi/7.3.1/thumb/v7-m/crtbegin.o
 .ARM.attributes
                0x000000000000004a       0x33 Drivers/MCAL/EXTI/EXTI.o
 .ARM.attributes
                0x000000000000007d       0x33 Drivers/MCAL/I2C/I2C.o
 .ARM.attributes
                0x00000000000000b0       0x33 Drivers/MCAL/SPI/SPI.o
 .ARM.attributes
                0x00000000000000e3       0x33 Drivers/MCAL/USART/USART.o
 .ARM.attributes
                0x0000000000000116       0x33 RTOS/CortexMX_OS_Porting.o
 .ARM.attributes
                0x0000000000000149       0x33 RTOS/MYRTOS_FIFO.o
 .ARM.attributes
                0x000000000000017c       0x33 RTOS/Scheduler.o
 .ARM.attributes
                0x00000000000001af       0x33 Src/main.o
 .ARM.attributes
                0x00000000000001e2       0x21 Startup/startup_stm32f103c8tx.o
 .ARM.attributes
                0x0000000000000203       0x2d c:/cubeide/stm32cubeide_1.4.0/stm32cubeide/plugins/com.st.stm32cube.ide.mcu.externaltools.gnu-tools-for-stm32.7-2018-q2-update.win32_1.4.0.202007081208/tools/bin/../lib/gcc/arm-none-eabi/7.3.1/../../../../arm-none-eabi/lib/thumb/v7-m\libc_nano.a(lib_a-init.o)
 .ARM.attributes
                0x0000000000000230       0x1b c:/cubeide/stm32cubeide_1.4.0/stm32cubeide/plugins/com.st.stm32cube.ide.mcu.externaltools.gnu-tools-for-stm32.7-2018-q2-update.win32_1.4.0.202007081208/tools/bin/../lib/gcc/arm-none-eabi/7.3.1/../../../../arm-none-eabi/lib/thumb/v7-m\libc_nano.a(lib_a-strcmp.o)
 .ARM.attributes
                0x000000000000024b       0x1d c:/cubeide/stm32cubeide_1.4.0/stm32cubeide/plugins/com.st.stm32cube.ide.mcu.externaltools.gnu-tools-for-stm32.7-2018-q2-update.win32_1.4.0.202007081208/tools/bin/../lib/gcc/arm-none-eabi/7.3.1/thumb/v7-m/crtn.o
OUTPUT(MY_RTOS.axf elf32-littlearm)

.debug_info     0x0000000000000000     0x736e
 .debug_info    0x0000000000000000      0xec0 Drivers/MCAL/EXTI/EXTI.o
 .debug_info    0x0000000000000ec0     0x13cb Drivers/MCAL/I2C/I2C.o
 .debug_info    0x000000000000228b      0xfa9 Drivers/MCAL/SPI/SPI.o
 .debug_info    0x0000000000003234      0xfca Drivers/MCAL/USART/USART.o
 .debug_info    0x00000000000041fe      0x634 RTOS/CortexMX_OS_Porting.o
 .debug_info    0x0000000000004832      0xcb1 RTOS/MYRTOS_FIFO.o
 .debug_info    0x00000000000054e3     0x10da RTOS/Scheduler.o
 .debug_info    0x00000000000065bd      0xd8f Src/main.o
 .debug_info    0x000000000000734c       0x22 Startup/startup_stm32f103c8tx.o

.debug_abbrev   0x0000000000000000     0x1258
 .debug_abbrev  0x0000000000000000      0x22a Drivers/MCAL/EXTI/EXTI.o
 .debug_abbrev  0x000000000000022a      0x289 Drivers/MCAL/I2C/I2C.o
 .debug_abbrev  0x00000000000004b3      0x243 Drivers/MCAL/SPI/SPI.o
 .debug_abbrev  0x00000000000006f6      0x241 Drivers/MCAL/USART/USART.o
 .debug_abbrev  0x0000000000000937      0x1cb RTOS/CortexMX_OS_Porting.o
 .debug_abbrev  0x0000000000000b02      0x1be RTOS/MYRTOS_FIFO.o
 .debug_abbrev  0x0000000000000cc0      0x378 RTOS/Scheduler.o
 .debug_abbrev  0x0000000000001038      0x20e Src/main.o
 .debug_abbrev  0x0000000000001246       0x12 Startup/startup_stm32f103c8tx.o

.debug_loc      0x0000000000000000     0x1780
 .debug_loc     0x0000000000000000      0x320 Drivers/MCAL/EXTI/EXTI.o
 .debug_loc     0x0000000000000320      0x580 Drivers/MCAL/I2C/I2C.o
 .debug_loc     0x00000000000008a0      0x274 Drivers/MCAL/SPI/SPI.o
 .debug_loc     0x0000000000000b14      0x2e4 Drivers/MCAL/USART/USART.o
 .debug_loc     0x0000000000000df8      0x284 RTOS/CortexMX_OS_Porting.o
 .debug_loc     0x000000000000107c      0x170 RTOS/MYRTOS_FIFO.o
 .debug_loc     0x00000000000011ec      0x4ac RTOS/Scheduler.o
 .debug_loc     0x0000000000001698       0xe8 Src/main.o

.debug_aranges  0x0000000000000000      0x390
 .debug_aranges
                0x0000000000000000       0x80 Drivers/MCAL/EXTI/EXTI.o
 .debug_aranges
                0x0000000000000080       0xa0 Drivers/MCAL/I2C/I2C.o
 .debug_aranges
                0x0000000000000120       0x58 Drivers/MCAL/SPI/SPI.o
 .debug_aranges
                0x0000000000000178       0x68 Drivers/MCAL/USART/USART.o
 .debug_aranges
                0x00000000000001e0       0x70 RTOS/CortexMX_OS_Porting.o
 .debug_aranges
                0x0000000000000250       0x38 RTOS/MYRTOS_FIFO.o
 .debug_aranges
                0x0000000000000288       0xa0 RTOS/Scheduler.o
 .debug_aranges
                0x0000000000000328       0x40 Src/main.o
 .debug_aranges
                0x0000000000000368       0x28 Startup/startup_stm32f103c8tx.o

.debug_ranges   0x0000000000000000      0x308
 .debug_ranges  0x0000000000000000       0x70 Drivers/MCAL/EXTI/EXTI.o
 .debug_ranges  0x0000000000000070       0x90 Drivers/MCAL/I2C/I2C.o
 .debug_ranges  0x0000000000000100       0x48 Drivers/MCAL/SPI/SPI.o
 .debug_ranges  0x0000000000000148       0x58 Drivers/MCAL/USART/USART.o
 .debug_ranges  0x00000000000001a0       0x60 RTOS/CortexMX_OS_Porting.o
 .debug_ranges  0x0000000000000200       0x28 RTOS/MYRTOS_FIFO.o
 .debug_ranges  0x0000000000000228       0x90 RTOS/Scheduler.o
 .debug_ranges  0x00000000000002b8       0x30 Src/main.o
 .debug_ranges  0x00000000000002e8       0x20 Startup/startup_stm32f103c8tx.o

.debug_macro    0x0000000000000000     0x2dc3
 .debug_macro   0x0000000000000000      0x184 Drivers/MCAL/EXTI/EXTI.o
 .debug_macro   0x0000000000000184      0x222 Drivers/MCAL/EXTI/EXTI.o
 .debug_macro   0x00000000000003a6      0x18d Drivers/MCAL/I2C/I2C.o
 .debug_macro   0x0000000000000533      0x187 Drivers/MCAL/SPI/SPI.o
 .debug_macro   0x00000000000006ba       0xe6 Drivers/MCAL/SPI/SPI.o
 .debug_macro   0x00000000000007a0      0x187 Drivers/MCAL/USART/USART.o
 .debug_macro   0x0000000000000927       0xe8 Drivers/MCAL/USART/USART.o
 .debug_macro   0x0000000000000a0f       0xce RTOS/CortexMX_OS_Porting.o
 .debug_macro   0x0000000000000add       0x28 RTOS/CortexMX_OS_Porting.o
 .debug_macro   0x0000000000000b05       0x8e RTOS/CortexMX_OS_Porting.o
 .debug_macro   0x0000000000000b93       0x51 RTOS/CortexMX_OS_Porting.o
 .debug_macro   0x0000000000000be4       0x1c RTOS/CortexMX_OS_Porting.o
 .debug_macro   0x0000000000000c00       0x22 RTOS/CortexMX_OS_Porting.o
 .debug_macro   0x0000000000000c22       0xf1 RTOS/CortexMX_OS_Porting.o
 .debug_macro   0x0000000000000d13      0xe74 RTOS/CortexMX_OS_Porting.o
 .debug_macro   0x0000000000001b87      0x11f RTOS/CortexMX_OS_Porting.o
 .debug_macro   0x0000000000001ca6       0x2e RTOS/CortexMX_OS_Porting.o
 .debug_macro   0x0000000000001cd4      0x243 RTOS/MYRTOS_FIFO.o
 .debug_macro   0x0000000000001f17       0x16 RTOS/MYRTOS_FIFO.o
 .debug_macro   0x0000000000001f2d       0x97 RTOS/MYRTOS_FIFO.o
 .debug_macro   0x0000000000001fc4       0xfd RTOS/MYRTOS_FIFO.o
 .debug_macro   0x00000000000020c1       0x10 RTOS/MYRTOS_FIFO.o
 .debug_macro   0x00000000000020d1       0x10 RTOS/MYRTOS_FIFO.o
 .debug_macro   0x00000000000020e1       0x1c RTOS/MYRTOS_FIFO.o
 .debug_macro   0x00000000000020fd       0x52 RTOS/MYRTOS_FIFO.o
 .debug_macro   0x000000000000214f       0x40 RTOS/MYRTOS_FIFO.o
 .debug_macro   0x000000000000218f       0x10 RTOS/MYRTOS_FIFO.o
 .debug_macro   0x000000000000219f       0x40 RTOS/MYRTOS_FIFO.o
 .debug_macro   0x00000000000021df       0xd7 RTOS/MYRTOS_FIFO.o
 .debug_macro   0x00000000000022b6       0x1c RTOS/MYRTOS_FIFO.o
 .debug_macro   0x00000000000022d2       0x3d RTOS/MYRTOS_FIFO.o
 .debug_macro   0x000000000000230f       0x16 RTOS/MYRTOS_FIFO.o
 .debug_macro   0x0000000000002325      0x145 RTOS/MYRTOS_FIFO.o
 .debug_macro   0x000000000000246a       0xeb RTOS/MYRTOS_FIFO.o
 .debug_macro   0x0000000000002555       0x2e RTOS/MYRTOS_FIFO.o
 .debug_macro   0x0000000000002583      0x24d RTOS/Scheduler.o
 .debug_macro   0x00000000000027d0       0x46 RTOS/Scheduler.o
 .debug_macro   0x0000000000002816      0x32a RTOS/Scheduler.o
 .debug_macro   0x0000000000002b40      0x267 Src/main.o
 .debug_macro   0x0000000000002da7       0x1c Src/main.o

.debug_line     0x0000000000000000     0x3c46
 .debug_line    0x0000000000000000      0x77f Drivers/MCAL/EXTI/EXTI.o
 .debug_line    0x000000000000077f      0x8a0 Drivers/MCAL/I2C/I2C.o
 .debug_line    0x000000000000101f      0x75a Drivers/MCAL/SPI/SPI.o
 .debug_line    0x0000000000001779      0x7a8 Drivers/MCAL/USART/USART.o
 .debug_line    0x0000000000001f21      0x569 RTOS/CortexMX_OS_Porting.o
 .debug_line    0x000000000000248a      0x713 RTOS/MYRTOS_FIFO.o
 .debug_line    0x0000000000002b9d      0x8e0 RTOS/Scheduler.o
 .debug_line    0x000000000000347d      0x745 Src/main.o
 .debug_line    0x0000000000003bc2       0x84 Startup/startup_stm32f103c8tx.o

.debug_str      0x0000000000000000    0x14899
 .debug_str     0x0000000000000000     0xafff Drivers/MCAL/EXTI/EXTI.o
                                       0xb275 (size before relaxing)
 .debug_str     0x000000000000afff      0x70b Drivers/MCAL/I2C/I2C.o
                                       0xa43d (size before relaxing)
 .debug_str     0x000000000000b70a      0x7a1 Drivers/MCAL/SPI/SPI.o
                                       0xa522 (size before relaxing)
 .debug_str     0x000000000000beab      0x7e9 Drivers/MCAL/USART/USART.o
                                       0xa59a (size before relaxing)
 .debug_str     0x000000000000c694     0x6ac7 RTOS/CortexMX_OS_Porting.o
                                       0xa6e5 (size before relaxing)
 .debug_str     0x000000000001315b     0x1368 RTOS/MYRTOS_FIFO.o
                                       0xe9a1 (size before relaxing)
 .debug_str     0x00000000000144c3      0x337 RTOS/Scheduler.o
                                       0xec8c (size before relaxing)
 .debug_str     0x00000000000147fa       0x6e Src/main.o
                                       0xeaf6 (size before relaxing)
 .debug_str     0x0000000000014868       0x31 Startup/startup_stm32f103c8tx.o
                                         0x69 (size before relaxing)

.comment        0x0000000000000000       0x7b
 .comment       0x0000000000000000       0x7b Drivers/MCAL/EXTI/EXTI.o
                                         0x7c (size before relaxing)
 .comment       0x000000000000007b       0x7c Drivers/MCAL/I2C/I2C.o
 .comment       0x000000000000007b       0x7c Drivers/MCAL/SPI/SPI.o
 .comment       0x000000000000007b       0x7c Drivers/MCAL/USART/USART.o
 .comment       0x000000000000007b       0x7c RTOS/CortexMX_OS_Porting.o
 .comment       0x000000000000007b       0x7c RTOS/MYRTOS_FIFO.o
 .comment       0x000000000000007b       0x7c RTOS/Scheduler.o
 .comment       0x000000000000007b       0x7c Src/main.o

.debug_frame    0x0000000000000000      0xc28
 .debug_frame   0x0000000000000000      0x1b0 Drivers/MCAL/EXTI/EXTI.o
 .debug_frame   0x00000000000001b0      0x288 Drivers/MCAL/I2C/I2C.o
 .debug_frame   0x0000000000000438      0x138 Drivers/MCAL/SPI/SPI.o
 .debug_frame   0x0000000000000570      0x170 Drivers/MCAL/USART/USART.o
 .debug_frame   0x00000000000006e0      0x160 RTOS/CortexMX_OS_Porting.o
 .debug_frame   0x0000000000000840       0xb0 RTOS/MYRTOS_FIFO.o
 .debug_frame   0x00000000000008f0      0x24c RTOS/Scheduler.o
 .debug_frame   0x0000000000000b3c       0xa0 Src/main.o
 .debug_frame   0x0000000000000bdc       0x2c c:/cubeide/stm32cubeide_1.4.0/stm32cubeide/plugins/com.st.stm32cube.ide.mcu.externaltools.gnu-tools-for-stm32.7-2018-q2-update.win32_1.4.0.202007081208/tools/bin/../lib/gcc/arm-none-eabi/7.3.1/../../../../arm-none-eabi/lib/thumb/v7-m\libc_nano.a(lib_a-init.o)
 .debug_frame   0x0000000000000c08       0x20 c:/cubeide/stm32cubeide_1.4.0/stm32cubeide/plugins/com.st.stm32cube.ide.mcu.externaltools.gnu-tools-for-stm32.7-2018-q2-update.win32_1.4.0.202007081208/tools/bin/../lib/gcc/arm-none-eabi/7.3.1/../../../../arm-none-eabi/lib/thumb/v7-m\libc_nano.a(lib_a-strcmp.o)
