EXTI.c:42:6:Enable_NVIC	16	static
EXTI.c:81:6:Disable_NVIC	16	static
EXTI.c:124:6:Update_EXTI	32	static
EXTI.c:199:6:MCAL_EXTI_GPIO_DeInit	4	static
EXTI.c:233:6:MCAL_EXTI_GPIO_Init	16	static
EXTI.c:247:6:MCAL_EXTI_GPIO_Update	16	static
EXTI.c:262:6:EXTI0_IRQHandler	8	static
EXTI.c:270:6:EXTI1_IRQHandler	8	static
EXTI.c:276:6:EXTI2_IRQHandler	8	static
EXTI.c:282:6:EXTI3_IRQHandler	8	static
EXTI.c:288:6:EXTI4_IRQHandler	8	static
EXTI.c:293:6:EXTI9_5_IRQHandler	8	static
EXTI.c:302:6:EXTI15_10_IRQHandler	8	static
