core_cm3.h:1674:22:__NVIC_SetPriority	16	static
core_cm3.h:1872:26:SysTick_Config	16	static
CortexMX_OS_Porting.c:9:6:HardFault_Handler	4	static
CortexMX_OS_Porting.c:12:6:MemManage_Handler	4	static
CortexMX_OS_Porting.c:15:6:BusFault_Handler	4	static
CortexMX_OS_Porting.c:18:6:UsageFault_Handler	4	static
CortexMX_OS_Porting.c:22:27:SVC_Handler	0	static,ignoring_inline_asm
CortexMX_OS_Porting.c:30:6:HW_init	8	static
CortexMX_OS_Porting.c:49:6:trigger_OS_PendSV	4	static
CortexMX_OS_Porting.c:55:6:Start_Ticker	8	static
CortexMX_OS_Porting.c:61:6:SysTick_Handler	8	static
