Scheduler.c:47:28:PendSV_Handler	0	static,ignoring_inline_asm
Scheduler.c:106:6:MYRTOS_IdleTask	4	static,ignoring_inline_asm
Scheduler.c:122:1:RTOS_Create_MainStack	4	static
Scheduler.c:129:16:MYRTOS_Init	16	static
Scheduler.c:147:1:MyRTOS_Create_TaskStack	24	static
Scheduler.c:180:16:MYRTOS_CreateTask	24	static
Scheduler.c:218:6:bubbleSort	24	static
Scheduler.c:236:6:MyRTOS_Update_Schadule_tables	24	static
Scheduler.c:283:6:Decide_whatNext	8	static
Scheduler.c:307:6:OS_SVC	24	static
Scheduler.c:337:5:MYRTOS_OS_SVC_Set	16	static,ignoring_inline_asm
Scheduler.c:362:6:MYRTOS_ActivateTask	16	static
Scheduler.c:366:6:MYRTOS_TerminateTask	16	static
Scheduler.c:371:6:MYRTOS_StartOS	8	static,ignoring_inline_asm
Scheduler.c:383:6:MYRTOS_Update_TasksWaitingTime	16	static
Scheduler.c:404:16:MYRTOS_AcquireMutex	16	static
Scheduler.c:426:6:MYRTOS_ReleaseMutex	16	static
